Starting project at C:\Users\ADMIN\OneDrive - Balqa Applied University\Desktop\Rafeeq-Amr\Rafeeq-Work\Frontend
Metro is running in CI mode, reloads are disabled. Remove CI=true to enable watch mode.
Starting Metro Bundler
Waiting on http://localhost:19006
Logs for your project will appear below.
Web node_modules\expo-router\entry.js ▓▓▓▓░░░░░░░░░░░░ 25.0% ( 7/16)
λ node_modules\expo-router\node\render.js ▓░░░░░░░░░░░░░░░  7.4% ( 68/250)
Web node_modules\expo-router\entry.js ▓▓▓▓░░░░░░░░░░░░ 25.0% (110/330)
λ node_modules\expo-router\node\render.js ▓▓▓▓▓▓▓▓░░░░░░░░ 52.6% (480/662)
Web node_modules\expo-router\entry.js ▓▓▓▓▓░░░░░░░░░░░ 32.2% (307/541)
λ node_modules\expo-router\node\render.js ▓▓▓▓▓▓▓▓▓░░░░░░░ 62.2% ( 786/1043)
Web node_modules\expo-router\entry.js ▓▓▓▓▓▓▓░░░░░░░░░ 46.3% (564/829)
λ node_modules\expo-router\node\render.js ▓▓▓▓▓▓▓▓▓▓░░░░░░ 67.0% (1077/1316)
Web node_modules\expo-router\entry.js ▓▓▓▓▓▓▓▓▓▓▓░░░░░ 70.5% ( 990/1179)
λ node_modules\expo-router\node\render.js ▓▓▓▓▓▓▓▓▓▓▓▓▓░░░ 87.4% (1303/1394)
λ Bundled 19869ms node_modules\expo-router\node\render.js (1608 modules)
Web node_modules\expo-router\entry.js ▓▓▓▓▓▓▓▓▓▓▓▓▓▓▓░ 99.9% (1532/1532)
Web Bundled 22340ms node_modules\expo-router\entry.js (1532 modules)
Web node_modules\expo-router\entry.js ▓▓▓▓▓▓▓░░░░░░░░░ 48.5% ( 751/1087)
Web Bundled 6659ms node_modules\expo-router\entry.js (1534 modules)
Web node_modules\expo-router\entry.js ░░░░░░░░░░░░░░░░  0.0% (0/1)
λ Bundled 74ms node_modules\expo-router\node\render.js (1 module)
Web Bundled 839ms node_modules\expo-router\entry.js (1 module)
