
  .   ____          _            __ _ _
 /\\ / ___'_ __ _ _(_)_ __  __ _ \ \ \ \
( ( )\___ | '_ | '_| | '_ \/ _` | \ \ \ \
 \\/  ___)| |_)| | | | | || (_| |  ) ) ) )
  '  |____| .__|_| |_|_| |_\__, | / / / /
 =========|_|==============|___/=/_/_/_/

 :: Spring Boot ::               (v3.5.13)

2026-04-25T18:06:20.941+03:00  INFO 24076 --- [backend] [           main] com.rafeeq.backend.BackendApplication    : Starting BackendApplication v0.0.1-SNAPSHOT using Java 17.0.18 with PID 24076 (C:\Users\ADMIN\OneDrive - Balqa Applied University\Desktop\Rafeeq-Amr\Rafeeq-Work\backend\target\backend-0.0.1-SNAPSHOT.jar started by ADMIN in C:\Users\ADMIN\OneDrive - Balqa Applied University\Desktop\Rafeeq-Amr\Rafeeq-Work\backend)
2026-04-25T18:06:20.947+03:00  INFO 24076 --- [backend] [           main] com.rafeeq.backend.BackendApplication    : No active profile set, falling back to 1 default profile: "default"
2026-04-25T18:06:22.121+03:00  INFO 24076 --- [backend] [           main] .s.d.r.c.RepositoryConfigurationDelegate : Bootstrapping Spring Data JPA repositories in DEFAULT mode.
2026-04-25T18:06:22.270+03:00  INFO 24076 --- [backend] [           main] .s.d.r.c.RepositoryConfigurationDelegate : Finished Spring Data repository scanning in 139 ms. Found 31 JPA repository interfaces.
2026-04-25T18:06:23.072+03:00  INFO 24076 --- [backend] [           main] o.s.b.w.embedded.tomcat.TomcatWebServer  : Tomcat initialized with port 8080 (http)
2026-04-25T18:06:23.087+03:00  INFO 24076 --- [backend] [           main] o.apache.catalina.core.StandardService   : Starting service [Tomcat]
2026-04-25T18:06:23.089+03:00  INFO 24076 --- [backend] [           main] o.apache.catalina.core.StandardEngine    : Starting Servlet engine: [Apache Tomcat/10.1.53]
2026-04-25T18:06:23.130+03:00  INFO 24076 --- [backend] [           main] o.a.c.c.C.[Tomcat].[localhost].[/]       : Initializing Spring embedded WebApplicationContext
2026-04-25T18:06:23.132+03:00  INFO 24076 --- [backend] [           main] w.s.c.ServletWebServerApplicationContext : Root WebApplicationContext: initialization completed in 2127 ms
2026-04-25T18:06:23.315+03:00  INFO 24076 --- [backend] [           main] o.hibernate.jpa.internal.util.LogHelper  : HHH000204: Processing PersistenceUnitInfo [name: default]
2026-04-25T18:06:23.391+03:00  INFO 24076 --- [backend] [           main] org.hibernate.Version                    : HHH000412: Hibernate ORM core version 6.6.45.Final
2026-04-25T18:06:23.437+03:00  INFO 24076 --- [backend] [           main] o.h.c.internal.RegionFactoryInitiator    : HHH000026: Second-level cache disabled
2026-04-25T18:06:23.793+03:00  INFO 24076 --- [backend] [           main] o.s.o.j.p.SpringPersistenceUnitInfo      : No LoadTimeWeaver setup: ignoring JPA class transformer
2026-04-25T18:06:23.833+03:00  INFO 24076 --- [backend] [           main] com.zaxxer.hikari.HikariDataSource       : HikariPool-1 - Starting...
2026-04-25T18:06:24.089+03:00  INFO 24076 --- [backend] [           main] com.zaxxer.hikari.pool.HikariPool        : HikariPool-1 - Added connection org.postgresql.jdbc.PgConnection@59a5bb61
2026-04-25T18:06:24.092+03:00  INFO 24076 --- [backend] [           main] com.zaxxer.hikari.HikariDataSource       : HikariPool-1 - Start completed.
2026-04-25T18:06:24.187+03:00  INFO 24076 --- [backend] [           main] org.hibernate.orm.connections.pooling    : HHH10001005: Database info:
	Database JDBC URL [Connecting through datasource 'HikariDataSource (HikariPool-1)']
	Database driver: undefined/unknown
	Database version: 18.3
	Autocommit mode: undefined/unknown
	Isolation level: undefined/unknown
	Minimum pool size: undefined/unknown
	Maximum pool size: undefined/unknown
2026-04-25T18:06:25.847+03:00  INFO 24076 --- [backend] [           main] o.h.e.t.j.p.i.JtaPlatformInitiator       : HHH000489: No JTA platform available (set 'hibernate.transaction.jta.platform' to enable JTA platform integration)
2026-04-25T18:06:25.903+03:00  INFO 24076 --- [backend] [           main] j.LocalContainerEntityManagerFactoryBean : Initialized JPA EntityManagerFactory for persistence unit 'default'
2026-04-25T18:06:26.604+03:00  INFO 24076 --- [backend] [           main] r$InitializeUserDetailsManagerConfigurer : Global AuthenticationManager configured with UserDetailsService bean with name customUserDetailsService
2026-04-25T18:06:28.246+03:00  INFO 24076 --- [backend] [           main] o.s.b.w.embedded.tomcat.TomcatWebServer  : Tomcat started on port 8080 (http) with context path '/'
2026-04-25T18:06:28.263+03:00  INFO 24076 --- [backend] [           main] com.rafeeq.backend.BackendApplication    : Started BackendApplication in 7.935 seconds (process running for 8.459)
Hibernate: 
    select
        count(*) 
    from
        assessment_questions aq1_0
2026-04-25T18:06:44.566+03:00  INFO 24076 --- [backend] [nio-8080-exec-1] o.a.c.c.C.[Tomcat].[localhost].[/]       : Initializing Spring DispatcherServlet 'dispatcherServlet'
2026-04-25T18:06:44.566+03:00  INFO 24076 --- [backend] [nio-8080-exec-1] o.s.web.servlet.DispatcherServlet        : Initializing Servlet 'dispatcherServlet'
2026-04-25T18:06:44.568+03:00  INFO 24076 --- [backend] [nio-8080-exec-1] o.s.web.servlet.DispatcherServlet        : Completed initialization in 0 ms
Hibernate: 
    select
        u1_0.id,
        u1_0.avatar_url,
        u1_0.created_at,
        u1_0.email,
        u1_0.is_active,
        u1_0.is_verified,
        u1_0.language,
        u1_0.national_id,
        u1_0.otp_code,
        u1_0.otp_expires_at,
        u1_0.password_hash,
        u1_0.phone,
        u1_0.role 
    from
        users u1_0 
    where
        u1_0.national_id=?
Hibernate: 
    select
        cp1_0.id,
        cp1_0.assessed_level,
        cp1_0.class_name,
        cp1_0.created_at,
        cp1_0.date_of_birth,
        cp1_0.full_name_ar,
        cp1_0.full_name_en,
        cp1_0.gender,
        cp1_0.learning_difficulty,
        cp1_0.level,
        cp1_0.parent_id,
        cp1_0.photo_url,
        cp1_0.placement_completed_at,
        cp1_0.status,
        cp1_0.teacher_id,
        cp1_0.user_id 
    from
        child_profiles cp1_0 
    where
        cp1_0.user_id=?
Hibernate: 
    select
        p1_0.id,
        p1_0.full_name_ar,
        p1_0.full_name_en,
        p1_0.user_id 
    from
        parents p1_0 
    where
        p1_0.user_id=?
Hibernate: 
    select
        s1_0.id,
        s1_0.created_at,
        s1_0.description,
        s1_0.location,
        s1_0.name_ar,
        s1_0.name_en,
        s1_0.user_id 
    from
        schools s1_0 
    where
        s1_0.user_id=?
Hibernate: 
    select
        t1_0.id,
        t1_0.created_at,
        t1_0.full_name_ar,
        t1_0.full_name_en,
        t1_0.school_id,
        t1_0.specialization,
        t1_0.user_id 
    from
        teachers t1_0 
    where
        t1_0.user_id=?
Hibernate: 
    select
        u1_0.id,
        u1_0.avatar_url,
        u1_0.created_at,
        u1_0.email,
        u1_0.is_active,
        u1_0.is_verified,
        u1_0.language,
        u1_0.national_id,
        u1_0.otp_code,
        u1_0.otp_expires_at,
        u1_0.password_hash,
        u1_0.phone,
        u1_0.role 
    from
        users u1_0 
    where
        u1_0.national_id=?
Hibernate: 
    select
        u1_0.id,
        u1_0.avatar_url,
        u1_0.created_at,
        u1_0.email,
        u1_0.is_active,
        u1_0.is_verified,
        u1_0.language,
        u1_0.national_id,
        u1_0.otp_code,
        u1_0.otp_expires_at,
        u1_0.password_hash,
        u1_0.phone,
        u1_0.role 
    from
        users u1_0 
    where
        u1_0.national_id=?
Hibernate: 
    insert 
    into
        user_sessions
        (created_at, device_name, expires_at, ip_address, last_used_at, refresh_token_hash, revoked_at, user_id, user_agent, id) 
    values
        (?, ?, ?, ?, ?, ?, ?, ?, ?, ?)
Hibernate: 
    select
        u1_0.id,
        u1_0.avatar_url,
        u1_0.created_at,
        u1_0.email,
        u1_0.is_active,
        u1_0.is_verified,
        u1_0.language,
        u1_0.national_id,
        u1_0.otp_code,
        u1_0.otp_expires_at,
        u1_0.password_hash,
        u1_0.phone,
        u1_0.role 
    from
        users u1_0 
    where
        u1_0.national_id=?
Hibernate: 
    select
        cp1_0.id,
        cp1_0.assessed_level,
        cp1_0.class_name,
        cp1_0.created_at,
        cp1_0.date_of_birth,
        cp1_0.full_name_ar,
        cp1_0.full_name_en,
        cp1_0.gender,
        cp1_0.learning_difficulty,
        cp1_0.level,
        cp1_0.parent_id,
        cp1_0.photo_url,
        cp1_0.placement_completed_at,
        cp1_0.status,
        cp1_0.teacher_id,
        cp1_0.user_id 
    from
        child_profiles cp1_0 
    where
        cp1_0.user_id=?
Hibernate: 
    select
        p1_0.id,
        p1_0.full_name_ar,
        p1_0.full_name_en,
        p1_0.user_id 
    from
        parents p1_0 
    where
        p1_0.user_id=?
Hibernate: 
    select
        s1_0.id,
        s1_0.created_at,
        s1_0.description,
        s1_0.location,
        s1_0.name_ar,
        s1_0.name_en,
        s1_0.user_id 
    from
        schools s1_0 
    where
        s1_0.user_id=?
Hibernate: 
    select
        t1_0.id,
        t1_0.created_at,
        t1_0.full_name_ar,
        t1_0.full_name_en,
        t1_0.school_id,
        t1_0.specialization,
        t1_0.user_id 
    from
        teachers t1_0 
    where
        t1_0.user_id=?
Hibernate: 
    select
        u1_0.id,
        u1_0.avatar_url,
        u1_0.created_at,
        u1_0.email,
        u1_0.is_active,
        u1_0.is_verified,
        u1_0.language,
        u1_0.national_id,
        u1_0.otp_code,
        u1_0.otp_expires_at,
        u1_0.password_hash,
        u1_0.phone,
        u1_0.role 
    from
        users u1_0 
    where
        u1_0.national_id=?
Hibernate: 
    select
        cp1_0.id,
        cp1_0.assessed_level,
        cp1_0.class_name,
        cp1_0.created_at,
        cp1_0.date_of_birth,
        cp1_0.full_name_ar,
        cp1_0.full_name_en,
        cp1_0.gender,
        cp1_0.learning_difficulty,
        cp1_0.level,
        cp1_0.parent_id,
        cp1_0.photo_url,
        cp1_0.placement_completed_at,
        cp1_0.status,
        cp1_0.teacher_id,
        cp1_0.user_id 
    from
        child_profiles cp1_0 
    where
        cp1_0.user_id=?
Hibernate: 
    select
        p1_0.id,
        p1_0.full_name_ar,
        p1_0.full_name_en,
        p1_0.user_id 
    from
        parents p1_0 
    where
        p1_0.user_id=?
Hibernate: 
    select
        s1_0.id,
        s1_0.created_at,
        s1_0.description,
        s1_0.location,
        s1_0.name_ar,
        s1_0.name_en,
        s1_0.user_id 
    from
        schools s1_0 
    where
        s1_0.user_id=?
Hibernate: 
    select
        t1_0.id,
        t1_0.created_at,
        t1_0.full_name_ar,
        t1_0.full_name_en,
        t1_0.school_id,
        t1_0.specialization,
        t1_0.user_id 
    from
        teachers t1_0 
    where
        t1_0.user_id=?
Hibernate: 
    select
        u1_0.id,
        u1_0.avatar_url,
        u1_0.created_at,
        u1_0.email,
        u1_0.is_active,
        u1_0.is_verified,
        u1_0.language,
        u1_0.national_id,
        u1_0.otp_code,
        u1_0.otp_expires_at,
        u1_0.password_hash,
        u1_0.phone,
        u1_0.role 
    from
        users u1_0 
    where
        u1_0.national_id=?
Hibernate: 
    select
        p1_0.id,
        p1_0.full_name_ar,
        p1_0.full_name_en,
        p1_0.user_id 
    from
        parents p1_0 
    join
        users u1_0 
            on u1_0.id=p1_0.user_id 
    where
        u1_0.id=?
Hibernate: 
    select
        cp1_0.id,
        cp1_0.assessed_level,
        cp1_0.class_name,
        cp1_0.created_at,
        cp1_0.date_of_birth,
        cp1_0.full_name_ar,
        cp1_0.full_name_en,
        cp1_0.gender,
        cp1_0.learning_difficulty,
        cp1_0.level,
        cp1_0.parent_id,
        cp1_0.photo_url,
        cp1_0.placement_completed_at,
        cp1_0.status,
        cp1_0.teacher_id,
        cp1_0.user_id 
    from
        child_profiles cp1_0 
    left join
        parents p1_0 
            on p1_0.id=cp1_0.parent_id 
    where
        cp1_0.id=? 
        and p1_0.id=?
Hibernate: 
    select
        cs1_0.id,
        cs1_0.child_id,
        cs1_0.created_at,
        cs1_0.last_message_at,
        cs1_0.message_count,
        cs1_0.model_used,
        cs1_0.summary,
        cs1_0.updated_at,
        cs1_0.user_id 
    from
        chatbot_sessions cs1_0 
    join
        users u1_0 
            on u1_0.id=cs1_0.user_id 
    left join
        child_profiles c1_0 
            on c1_0.id=cs1_0.child_id 
    where
        u1_0.id=? 
        and c1_0.id=? 
    order by
        cs1_0.updated_at desc 
    fetch
        first ? rows only
Hibernate: 
    select
        lt1_0.id,
        lt1_0.ai_summary_ar,
        lt1_0.ai_summary_en,
        lt1_0.child_id,
        lt1_0.generated_at,
        lt1_0.level,
        lt1_0.model_used,
        lt1_0.prompt_version,
        lt1_0.status,
        lt1_0.topic,
        lt1_0.topic_id 
    from
        learning_trees lt1_0 
    join
        child_profiles c1_0 
            on c1_0.id=lt1_0.child_id 
    where
        c1_0.id=? 
        and lt1_0.status=? 
    order by
        lt1_0.generated_at desc 
    fetch
        first ? rows only
Hibernate: 
    insert 
    into
        chatbot_messages
        (content, created_at, role, session_id, id) 
    values
        (?, ?, ?, ?, ?)
Hibernate: 
    select
        cm1_0.id,
        cm1_0.content,
        cm1_0.created_at,
        cm1_0.role,
        cm1_0.session_id 
    from
        chatbot_messages cm1_0 
    join
        chatbot_sessions s1_0 
            on s1_0.id=cm1_0.session_id 
    where
        s1_0.id=? 
    order by
        cm1_0.created_at desc 
    fetch
        first ? rows only
Hibernate: 
    insert 
    into
        chatbot_messages
        (content, created_at, role, session_id, id) 
    values
        (?, ?, ?, ?, ?)
Hibernate: 
    update
        chatbot_sessions 
    set
        child_id=?,
        created_at=?,
        last_message_at=?,
        message_count=?,
        model_used=?,
        summary=?,
        updated_at=?,
        user_id=? 
    where
        id=?
Hibernate: 
    select
        u1_0.id,
        u1_0.avatar_url,
        u1_0.created_at,
        u1_0.email,
        u1_0.is_active,
        u1_0.is_verified,
        u1_0.language,
        u1_0.national_id,
        u1_0.otp_code,
        u1_0.otp_expires_at,
        u1_0.password_hash,
        u1_0.phone,
        u1_0.role 
    from
        users u1_0 
    where
        u1_0.national_id=?
Hibernate: 
    select
        cp1_0.id,
        cp1_0.assessed_level,
        cp1_0.class_name,
        cp1_0.created_at,
        cp1_0.date_of_birth,
        cp1_0.full_name_ar,
        cp1_0.full_name_en,
        cp1_0.gender,
        cp1_0.learning_difficulty,
        cp1_0.level,
        cp1_0.parent_id,
        cp1_0.photo_url,
        cp1_0.placement_completed_at,
        cp1_0.status,
        cp1_0.teacher_id,
        cp1_0.user_id 
    from
        child_profiles cp1_0 
    where
        cp1_0.user_id=?
Hibernate: 
    select
        p1_0.id,
        p1_0.full_name_ar,
        p1_0.full_name_en,
        p1_0.user_id 
    from
        parents p1_0 
    where
        p1_0.user_id=?
Hibernate: 
    select
        s1_0.id,
        s1_0.created_at,
        s1_0.description,
        s1_0.location,
        s1_0.name_ar,
        s1_0.name_en,
        s1_0.user_id 
    from
        schools s1_0 
    where
        s1_0.user_id=?
Hibernate: 
    select
        t1_0.id,
        t1_0.created_at,
        t1_0.full_name_ar,
        t1_0.full_name_en,
        t1_0.school_id,
        t1_0.specialization,
        t1_0.user_id 
    from
        teachers t1_0 
    where
        t1_0.user_id=?
Hibernate: 
    select
        u1_0.id,
        u1_0.avatar_url,
        u1_0.created_at,
        u1_0.email,
        u1_0.is_active,
        u1_0.is_verified,
        u1_0.language,
        u1_0.national_id,
        u1_0.otp_code,
        u1_0.otp_expires_at,
        u1_0.password_hash,
        u1_0.phone,
        u1_0.role 
    from
        users u1_0 
    where
        u1_0.national_id=?
Hibernate: 
    select
        cp1_0.id,
        cp1_0.assessed_level,
        cp1_0.class_name,
        cp1_0.created_at,
        cp1_0.date_of_birth,
        cp1_0.full_name_ar,
        cp1_0.full_name_en,
        cp1_0.gender,
        cp1_0.learning_difficulty,
        cp1_0.level,
        cp1_0.parent_id,
        cp1_0.photo_url,
        cp1_0.placement_completed_at,
        cp1_0.status,
        cp1_0.teacher_id,
        cp1_0.user_id 
    from
        child_profiles cp1_0 
    where
        cp1_0.user_id=?
Hibernate: 
    select
        p1_0.id,
        p1_0.full_name_ar,
        p1_0.full_name_en,
        p1_0.user_id 
    from
        parents p1_0 
    where
        p1_0.user_id=?
Hibernate: 
    select
        s1_0.id,
        s1_0.created_at,
        s1_0.description,
        s1_0.location,
        s1_0.name_ar,
        s1_0.name_en,
        s1_0.user_id 
    from
        schools s1_0 
    where
        s1_0.user_id=?
Hibernate: 
    select
        t1_0.id,
        t1_0.created_at,
        t1_0.full_name_ar,
        t1_0.full_name_en,
        t1_0.school_id,
        t1_0.specialization,
        t1_0.user_id 
    from
        teachers t1_0 
    where
        t1_0.user_id=?
Hibernate: 
    select
        u1_0.id,
        u1_0.avatar_url,
        u1_0.created_at,
        u1_0.email,
        u1_0.is_active,
        u1_0.is_verified,
        u1_0.language,
        u1_0.national_id,
        u1_0.otp_code,
        u1_0.otp_expires_at,
        u1_0.password_hash,
        u1_0.phone,
        u1_0.role 
    from
        users u1_0 
    where
        u1_0.national_id=?
Hibernate: 
    select
        p1_0.id,
        p1_0.full_name_ar,
        p1_0.full_name_en,
        p1_0.user_id 
    from
        parents p1_0 
    join
        users u1_0 
            on u1_0.id=p1_0.user_id 
    where
        u1_0.id=?
Hibernate: 
    select
        cp1_0.id,
        cp1_0.assessed_level,
        cp1_0.class_name,
        cp1_0.created_at,
        cp1_0.date_of_birth,
        cp1_0.full_name_ar,
        cp1_0.full_name_en,
        cp1_0.gender,
        cp1_0.learning_difficulty,
        cp1_0.level,
        cp1_0.parent_id,
        cp1_0.photo_url,
        cp1_0.placement_completed_at,
        cp1_0.status,
        cp1_0.teacher_id,
        cp1_0.user_id 
    from
        child_profiles cp1_0 
    left join
        parents p1_0 
            on p1_0.id=cp1_0.parent_id 
    where
        cp1_0.id=? 
        and p1_0.id=?
Hibernate: 
    select
        cs1_0.id,
        cs1_0.child_id,
        cs1_0.created_at,
        cs1_0.last_message_at,
        cs1_0.message_count,
        cs1_0.model_used,
        cs1_0.summary,
        cs1_0.updated_at,
        cs1_0.user_id 
    from
        chatbot_sessions cs1_0 
    join
        users u1_0 
            on u1_0.id=cs1_0.user_id 
    left join
        child_profiles c1_0 
            on c1_0.id=cs1_0.child_id 
    where
        u1_0.id=? 
        and c1_0.id=? 
    order by
        cs1_0.updated_at desc 
    fetch
        first ? rows only
Hibernate: 
    select
        lt1_0.id,
        lt1_0.ai_summary_ar,
        lt1_0.ai_summary_en,
        lt1_0.child_id,
        lt1_0.generated_at,
        lt1_0.level,
        lt1_0.model_used,
        lt1_0.prompt_version,
        lt1_0.status,
        lt1_0.topic,
        lt1_0.topic_id 
    from
        learning_trees lt1_0 
    join
        child_profiles c1_0 
            on c1_0.id=lt1_0.child_id 
    where
        c1_0.id=? 
        and lt1_0.status=? 
    order by
        lt1_0.generated_at desc 
    fetch
        first ? rows only
Hibernate: 
    insert 
    into
        chatbot_messages
        (content, created_at, role, session_id, id) 
    values
        (?, ?, ?, ?, ?)
Hibernate: 
    select
        cm1_0.id,
        cm1_0.content,
        cm1_0.created_at,
        cm1_0.role,
        cm1_0.session_id 
    from
        chatbot_messages cm1_0 
    join
        chatbot_sessions s1_0 
            on s1_0.id=cm1_0.session_id 
    where
        s1_0.id=? 
    order by
        cm1_0.created_at desc 
    fetch
        first ? rows only
Hibernate: 
    insert 
    into
        chatbot_messages
        (content, created_at, role, session_id, id) 
    values
        (?, ?, ?, ?, ?)
Hibernate: 
    update
        chatbot_sessions 
    set
        child_id=?,
        created_at=?,
        last_message_at=?,
        message_count=?,
        model_used=?,
        summary=?,
        updated_at=?,
        user_id=? 
    where
        id=?
Hibernate: 
    select
        u1_0.id,
        u1_0.avatar_url,
        u1_0.created_at,
        u1_0.email,
        u1_0.is_active,
        u1_0.is_verified,
        u1_0.language,
        u1_0.national_id,
        u1_0.otp_code,
        u1_0.otp_expires_at,
        u1_0.password_hash,
        u1_0.phone,
        u1_0.role 
    from
        users u1_0 
    where
        u1_0.national_id=?
Hibernate: 
    select
        cp1_0.id,
        cp1_0.assessed_level,
        cp1_0.class_name,
        cp1_0.created_at,
        cp1_0.date_of_birth,
        cp1_0.full_name_ar,
        cp1_0.full_name_en,
        cp1_0.gender,
        cp1_0.learning_difficulty,
        cp1_0.level,
        cp1_0.parent_id,
        cp1_0.photo_url,
        cp1_0.placement_completed_at,
        cp1_0.status,
        cp1_0.teacher_id,
        cp1_0.user_id 
    from
        child_profiles cp1_0 
    where
        cp1_0.user_id=?
Hibernate: 
    select
        p1_0.id,
        p1_0.full_name_ar,
        p1_0.full_name_en,
        p1_0.user_id 
    from
        parents p1_0 
    where
        p1_0.user_id=?
Hibernate: 
    select
        s1_0.id,
        s1_0.created_at,
        s1_0.description,
        s1_0.location,
        s1_0.name_ar,
        s1_0.name_en,
        s1_0.user_id 
    from
        schools s1_0 
    where
        s1_0.user_id=?
Hibernate: 
    select
        t1_0.id,
        t1_0.created_at,
        t1_0.full_name_ar,
        t1_0.full_name_en,
        t1_0.school_id,
        t1_0.specialization,
        t1_0.user_id 
    from
        teachers t1_0 
    where
        t1_0.user_id=?
Hibernate: 
    select
        u1_0.id,
        u1_0.avatar_url,
        u1_0.created_at,
        u1_0.email,
        u1_0.is_active,
        u1_0.is_verified,
        u1_0.language,
        u1_0.national_id,
        u1_0.otp_code,
        u1_0.otp_expires_at,
        u1_0.password_hash,
        u1_0.phone,
        u1_0.role 
    from
        users u1_0 
    where
        u1_0.national_id=?
Hibernate: 
    select
        u1_0.id,
        u1_0.avatar_url,
        u1_0.created_at,
        u1_0.email,
        u1_0.is_active,
        u1_0.is_verified,
        u1_0.language,
        u1_0.national_id,
        u1_0.otp_code,
        u1_0.otp_expires_at,
        u1_0.password_hash,
        u1_0.phone,
        u1_0.role 
    from
        users u1_0 
    where
        u1_0.national_id=?
Hibernate: 
    insert 
    into
        user_sessions
        (created_at, device_name, expires_at, ip_address, last_used_at, refresh_token_hash, revoked_at, user_id, user_agent, id) 
    values
        (?, ?, ?, ?, ?, ?, ?, ?, ?, ?)
Hibernate: 
    select
        u1_0.id,
        u1_0.avatar_url,
        u1_0.created_at,
        u1_0.email,
        u1_0.is_active,
        u1_0.is_verified,
        u1_0.language,
        u1_0.national_id,
        u1_0.otp_code,
        u1_0.otp_expires_at,
        u1_0.password_hash,
        u1_0.phone,
        u1_0.role 
    from
        users u1_0 
    where
        u1_0.national_id=?
Hibernate: 
    select
        cp1_0.id,
        cp1_0.assessed_level,
        cp1_0.class_name,
        cp1_0.created_at,
        cp1_0.date_of_birth,
        cp1_0.full_name_ar,
        cp1_0.full_name_en,
        cp1_0.gender,
        cp1_0.learning_difficulty,
        cp1_0.level,
        cp1_0.parent_id,
        cp1_0.photo_url,
        cp1_0.placement_completed_at,
        cp1_0.status,
        cp1_0.teacher_id,
        cp1_0.user_id 
    from
        child_profiles cp1_0 
    where
        cp1_0.user_id=?
Hibernate: 
    select
        p1_0.id,
        p1_0.full_name_ar,
        p1_0.full_name_en,
        p1_0.user_id 
    from
        parents p1_0 
    where
        p1_0.user_id=?
Hibernate: 
    select
        s1_0.id,
        s1_0.created_at,
        s1_0.description,
        s1_0.location,
        s1_0.name_ar,
        s1_0.name_en,
        s1_0.user_id 
    from
        schools s1_0 
    where
        s1_0.user_id=?
Hibernate: 
    select
        t1_0.id,
        t1_0.created_at,
        t1_0.full_name_ar,
        t1_0.full_name_en,
        t1_0.school_id,
        t1_0.specialization,
        t1_0.user_id 
    from
        teachers t1_0 
    where
        t1_0.user_id=?
Hibernate: 
    select
        u1_0.id,
        u1_0.avatar_url,
        u1_0.created_at,
        u1_0.email,
        u1_0.is_active,
        u1_0.is_verified,
        u1_0.language,
        u1_0.national_id,
        u1_0.otp_code,
        u1_0.otp_expires_at,
        u1_0.password_hash,
        u1_0.phone,
        u1_0.role 
    from
        users u1_0 
    where
        u1_0.national_id=?
Hibernate: 
    select
        cp1_0.id,
        cp1_0.assessed_level,
        cp1_0.class_name,
        cp1_0.created_at,
        cp1_0.date_of_birth,
        cp1_0.full_name_ar,
        cp1_0.full_name_en,
        cp1_0.gender,
        cp1_0.learning_difficulty,
        cp1_0.level,
        cp1_0.parent_id,
        cp1_0.photo_url,
        cp1_0.placement_completed_at,
        cp1_0.status,
        cp1_0.teacher_id,
        cp1_0.user_id 
    from
        child_profiles cp1_0 
    where
        cp1_0.user_id=?
Hibernate: 
    select
        p1_0.id,
        p1_0.full_name_ar,
        p1_0.full_name_en,
        p1_0.user_id 
    from
        parents p1_0 
    where
        p1_0.user_id=?
Hibernate: 
    select
        s1_0.id,
        s1_0.created_at,
        s1_0.description,
        s1_0.location,
        s1_0.name_ar,
        s1_0.name_en,
        s1_0.user_id 
    from
        schools s1_0 
    where
        s1_0.user_id=?
Hibernate: 
    select
        t1_0.id,
        t1_0.created_at,
        t1_0.full_name_ar,
        t1_0.full_name_en,
        t1_0.school_id,
        t1_0.specialization,
        t1_0.user_id 
    from
        teachers t1_0 
    where
        t1_0.user_id=?
Hibernate: 
    select
        u1_0.id,
        u1_0.avatar_url,
        u1_0.created_at,
        u1_0.email,
        u1_0.is_active,
        u1_0.is_verified,
        u1_0.language,
        u1_0.national_id,
        u1_0.otp_code,
        u1_0.otp_expires_at,
        u1_0.password_hash,
        u1_0.phone,
        u1_0.role 
    from
        users u1_0 
    where
        u1_0.national_id=?
Hibernate: 
    select
        p1_0.id,
        p1_0.full_name_ar,
        p1_0.full_name_en,
        p1_0.user_id 
    from
        parents p1_0 
    join
        users u1_0 
            on u1_0.id=p1_0.user_id 
    where
        u1_0.id=?
Hibernate: 
    select
        cp1_0.id,
        cp1_0.assessed_level,
        cp1_0.class_name,
        cp1_0.created_at,
        cp1_0.date_of_birth,
        cp1_0.full_name_ar,
        cp1_0.full_name_en,
        cp1_0.gender,
        cp1_0.learning_difficulty,
        cp1_0.level,
        cp1_0.parent_id,
        cp1_0.photo_url,
        cp1_0.placement_completed_at,
        cp1_0.status,
        cp1_0.teacher_id,
        cp1_0.user_id 
    from
        child_profiles cp1_0 
    left join
        parents p1_0 
            on p1_0.id=cp1_0.parent_id 
    where
        cp1_0.id=? 
        and p1_0.id=?
Hibernate: 
    select
        cs1_0.id,
        cs1_0.child_id,
        cs1_0.created_at,
        cs1_0.last_message_at,
        cs1_0.message_count,
        cs1_0.model_used,
        cs1_0.summary,
        cs1_0.updated_at,
        cs1_0.user_id 
    from
        chatbot_sessions cs1_0 
    join
        users u1_0 
            on u1_0.id=cs1_0.user_id 
    left join
        child_profiles c1_0 
            on c1_0.id=cs1_0.child_id 
    where
        u1_0.id=? 
        and c1_0.id=? 
    order by
        cs1_0.updated_at desc 
    fetch
        first ? rows only
Hibernate: 
    select
        lt1_0.id,
        lt1_0.ai_summary_ar,
        lt1_0.ai_summary_en,
        lt1_0.child_id,
        lt1_0.generated_at,
        lt1_0.level,
        lt1_0.model_used,
        lt1_0.prompt_version,
        lt1_0.status,
        lt1_0.topic,
        lt1_0.topic_id 
    from
        learning_trees lt1_0 
    join
        child_profiles c1_0 
            on c1_0.id=lt1_0.child_id 
    where
        c1_0.id=? 
        and lt1_0.status=? 
    order by
        lt1_0.generated_at desc 
    fetch
        first ? rows only
Hibernate: 
    insert 
    into
        chatbot_messages
        (content, created_at, role, session_id, id) 
    values
        (?, ?, ?, ?, ?)
Hibernate: 
    select
        cm1_0.id,
        cm1_0.content,
        cm1_0.created_at,
        cm1_0.role,
        cm1_0.session_id 
    from
        chatbot_messages cm1_0 
    join
        chatbot_sessions s1_0 
            on s1_0.id=cm1_0.session_id 
    where
        s1_0.id=? 
    order by
        cm1_0.created_at desc 
    fetch
        first ? rows only
Hibernate: 
    insert 
    into
        chatbot_messages
        (content, created_at, role, session_id, id) 
    values
        (?, ?, ?, ?, ?)
Hibernate: 
    update
        chatbot_sessions 
    set
        child_id=?,
        created_at=?,
        last_message_at=?,
        message_count=?,
        model_used=?,
        summary=?,
        updated_at=?,
        user_id=? 
    where
        id=?
Hibernate: 
    select
        u1_0.id,
        u1_0.avatar_url,
        u1_0.created_at,
        u1_0.email,
        u1_0.is_active,
        u1_0.is_verified,
        u1_0.language,
        u1_0.national_id,
        u1_0.otp_code,
        u1_0.otp_expires_at,
        u1_0.password_hash,
        u1_0.phone,
        u1_0.role 
    from
        users u1_0 
    where
        u1_0.national_id=?
Hibernate: 
    select
        cp1_0.id,
        cp1_0.assessed_level,
        cp1_0.class_name,
        cp1_0.created_at,
        cp1_0.date_of_birth,
        cp1_0.full_name_ar,
        cp1_0.full_name_en,
        cp1_0.gender,
        cp1_0.learning_difficulty,
        cp1_0.level,
        cp1_0.parent_id,
        cp1_0.photo_url,
        cp1_0.placement_completed_at,
        cp1_0.status,
        cp1_0.teacher_id,
        cp1_0.user_id 
    from
        child_profiles cp1_0 
    where
        cp1_0.user_id=?
Hibernate: 
    select
        p1_0.id,
        p1_0.full_name_ar,
        p1_0.full_name_en,
        p1_0.user_id 
    from
        parents p1_0 
    where
        p1_0.user_id=?
Hibernate: 
    select
        s1_0.id,
        s1_0.created_at,
        s1_0.description,
        s1_0.location,
        s1_0.name_ar,
        s1_0.name_en,
        s1_0.user_id 
    from
        schools s1_0 
    where
        s1_0.user_id=?
Hibernate: 
    select
        t1_0.id,
        t1_0.created_at,
        t1_0.full_name_ar,
        t1_0.full_name_en,
        t1_0.school_id,
        t1_0.specialization,
        t1_0.user_id 
    from
        teachers t1_0 
    where
        t1_0.user_id=?
Hibernate: 
    select
        u1_0.id,
        u1_0.avatar_url,
        u1_0.created_at,
        u1_0.email,
        u1_0.is_active,
        u1_0.is_verified,
        u1_0.language,
        u1_0.national_id,
        u1_0.otp_code,
        u1_0.otp_expires_at,
        u1_0.password_hash,
        u1_0.phone,
        u1_0.role 
    from
        users u1_0 
    where
        u1_0.national_id=?
Hibernate: 
    select
        cp1_0.id,
        cp1_0.assessed_level,
        cp1_0.class_name,
        cp1_0.created_at,
        cp1_0.date_of_birth,
        cp1_0.full_name_ar,
        cp1_0.full_name_en,
        cp1_0.gender,
        cp1_0.learning_difficulty,
        cp1_0.level,
        cp1_0.parent_id,
        cp1_0.photo_url,
        cp1_0.placement_completed_at,
        cp1_0.status,
        cp1_0.teacher_id,
        cp1_0.user_id 
    from
        child_profiles cp1_0 
    where
        cp1_0.user_id=?
Hibernate: 
    select
        p1_0.id,
        p1_0.full_name_ar,
        p1_0.full_name_en,
        p1_0.user_id 
    from
        parents p1_0 
    where
        p1_0.user_id=?
Hibernate: 
    select
        s1_0.id,
        s1_0.created_at,
        s1_0.description,
        s1_0.location,
        s1_0.name_ar,
        s1_0.name_en,
        s1_0.user_id 
    from
        schools s1_0 
    where
        s1_0.user_id=?
Hibernate: 
    select
        t1_0.id,
        t1_0.created_at,
        t1_0.full_name_ar,
        t1_0.full_name_en,
        t1_0.school_id,
        t1_0.specialization,
        t1_0.user_id 
    from
        teachers t1_0 
    where
        t1_0.user_id=?
Hibernate: 
    select
        u1_0.id,
        u1_0.avatar_url,
        u1_0.created_at,
        u1_0.email,
        u1_0.is_active,
        u1_0.is_verified,
        u1_0.language,
        u1_0.national_id,
        u1_0.otp_code,
        u1_0.otp_expires_at,
        u1_0.password_hash,
        u1_0.phone,
        u1_0.role 
    from
        users u1_0 
    where
        u1_0.national_id=?
Hibernate: 
    select
        p1_0.id,
        p1_0.full_name_ar,
        p1_0.full_name_en,
        p1_0.user_id 
    from
        parents p1_0 
    join
        users u1_0 
            on u1_0.id=p1_0.user_id 
    where
        u1_0.id=?
Hibernate: 
    select
        cp1_0.id,
        cp1_0.assessed_level,
        cp1_0.class_name,
        cp1_0.created_at,
        cp1_0.date_of_birth,
        cp1_0.full_name_ar,
        cp1_0.full_name_en,
        cp1_0.gender,
        cp1_0.learning_difficulty,
        cp1_0.level,
        cp1_0.parent_id,
        cp1_0.photo_url,
        cp1_0.placement_completed_at,
        cp1_0.status,
        cp1_0.teacher_id,
        cp1_0.user_id 
    from
        child_profiles cp1_0 
    left join
        parents p1_0 
            on p1_0.id=cp1_0.parent_id 
    where
        cp1_0.id=? 
        and p1_0.id=?
Hibernate: 
    select
        cs1_0.id,
        cs1_0.child_id,
        cs1_0.created_at,
        cs1_0.last_message_at,
        cs1_0.message_count,
        cs1_0.model_used,
        cs1_0.summary,
        cs1_0.updated_at,
        cs1_0.user_id 
    from
        chatbot_sessions cs1_0 
    join
        users u1_0 
            on u1_0.id=cs1_0.user_id 
    left join
        child_profiles c1_0 
            on c1_0.id=cs1_0.child_id 
    where
        u1_0.id=? 
        and c1_0.id=? 
    order by
        cs1_0.updated_at desc 
    fetch
        first ? rows only
Hibernate: 
    select
        lt1_0.id,
        lt1_0.ai_summary_ar,
        lt1_0.ai_summary_en,
        lt1_0.child_id,
        lt1_0.generated_at,
        lt1_0.level,
        lt1_0.model_used,
        lt1_0.prompt_version,
        lt1_0.status,
        lt1_0.topic,
        lt1_0.topic_id 
    from
        learning_trees lt1_0 
    join
        child_profiles c1_0 
            on c1_0.id=lt1_0.child_id 
    where
        c1_0.id=? 
        and lt1_0.status=? 
    order by
        lt1_0.generated_at desc 
    fetch
        first ? rows only
Hibernate: 
    insert 
    into
        chatbot_messages
        (content, created_at, role, session_id, id) 
    values
        (?, ?, ?, ?, ?)
Hibernate: 
    select
        cm1_0.id,
        cm1_0.content,
        cm1_0.created_at,
        cm1_0.role,
        cm1_0.session_id 
    from
        chatbot_messages cm1_0 
    join
        chatbot_sessions s1_0 
            on s1_0.id=cm1_0.session_id 
    where
        s1_0.id=? 
    order by
        cm1_0.created_at desc 
    fetch
        first ? rows only
Hibernate: 
    insert 
    into
        chatbot_messages
        (content, created_at, role, session_id, id) 
    values
        (?, ?, ?, ?, ?)
Hibernate: 
    update
        chatbot_sessions 
    set
        child_id=?,
        created_at=?,
        last_message_at=?,
        message_count=?,
        model_used=?,
        summary=?,
        updated_at=?,
        user_id=? 
    where
        id=?
Hibernate: 
    select
        u1_0.id,
        u1_0.avatar_url,
        u1_0.created_at,
        u1_0.email,
        u1_0.is_active,
        u1_0.is_verified,
        u1_0.language,
        u1_0.national_id,
        u1_0.otp_code,
        u1_0.otp_expires_at,
        u1_0.password_hash,
        u1_0.phone,
        u1_0.role 
    from
        users u1_0 
    where
        u1_0.national_id=?
Hibernate: 
    select
        cp1_0.id,
        cp1_0.assessed_level,
        cp1_0.class_name,
        cp1_0.created_at,
        cp1_0.date_of_birth,
        cp1_0.full_name_ar,
        cp1_0.full_name_en,
        cp1_0.gender,
        cp1_0.learning_difficulty,
        cp1_0.level,
        cp1_0.parent_id,
        cp1_0.photo_url,
        cp1_0.placement_completed_at,
        cp1_0.status,
        cp1_0.teacher_id,
        cp1_0.user_id 
    from
        child_profiles cp1_0 
    where
        cp1_0.user_id=?
Hibernate: 
    select
        p1_0.id,
        p1_0.full_name_ar,
        p1_0.full_name_en,
        p1_0.user_id 
    from
        parents p1_0 
    where
        p1_0.user_id=?
Hibernate: 
    select
        s1_0.id,
        s1_0.created_at,
        s1_0.description,
        s1_0.location,
        s1_0.name_ar,
        s1_0.name_en,
        s1_0.user_id 
    from
        schools s1_0 
    where
        s1_0.user_id=?
Hibernate: 
    select
        t1_0.id,
        t1_0.created_at,
        t1_0.full_name_ar,
        t1_0.full_name_en,
        t1_0.school_id,
        t1_0.specialization,
        t1_0.user_id 
    from
        teachers t1_0 
    where
        t1_0.user_id=?
Hibernate: 
    select
        u1_0.id,
        u1_0.avatar_url,
        u1_0.created_at,
        u1_0.email,
        u1_0.is_active,
        u1_0.is_verified,
        u1_0.language,
        u1_0.national_id,
        u1_0.otp_code,
        u1_0.otp_expires_at,
        u1_0.password_hash,
        u1_0.phone,
        u1_0.role 
    from
        users u1_0 
    where
        u1_0.national_id=?
Hibernate: 
    select
        u1_0.id,
        u1_0.avatar_url,
        u1_0.created_at,
        u1_0.email,
        u1_0.is_active,
        u1_0.is_verified,
        u1_0.language,
        u1_0.national_id,
        u1_0.otp_code,
        u1_0.otp_expires_at,
        u1_0.password_hash,
        u1_0.phone,
        u1_0.role 
    from
        users u1_0 
    where
        u1_0.national_id=?
Hibernate: 
    insert 
    into
        user_sessions
        (created_at, device_name, expires_at, ip_address, last_used_at, refresh_token_hash, revoked_at, user_id, user_agent, id) 
    values
        (?, ?, ?, ?, ?, ?, ?, ?, ?, ?)
Hibernate: 
    select
        u1_0.id,
        u1_0.avatar_url,
        u1_0.created_at,
        u1_0.email,
        u1_0.is_active,
        u1_0.is_verified,
        u1_0.language,
        u1_0.national_id,
        u1_0.otp_code,
        u1_0.otp_expires_at,
        u1_0.password_hash,
        u1_0.phone,
        u1_0.role 
    from
        users u1_0 
    where
        u1_0.national_id=?
Hibernate: 
    select
        cp1_0.id,
        cp1_0.assessed_level,
        cp1_0.class_name,
        cp1_0.created_at,
        cp1_0.date_of_birth,
        cp1_0.full_name_ar,
        cp1_0.full_name_en,
        cp1_0.gender,
        cp1_0.learning_difficulty,
        cp1_0.level,
        cp1_0.parent_id,
        cp1_0.photo_url,
        cp1_0.placement_completed_at,
        cp1_0.status,
        cp1_0.teacher_id,
        cp1_0.user_id 
    from
        child_profiles cp1_0 
    where
        cp1_0.user_id=?
Hibernate: 
    select
        p1_0.id,
        p1_0.full_name_ar,
        p1_0.full_name_en,
        p1_0.user_id 
    from
        parents p1_0 
    where
        p1_0.user_id=?
Hibernate: 
    select
        s1_0.id,
        s1_0.created_at,
        s1_0.description,
        s1_0.location,
        s1_0.name_ar,
        s1_0.name_en,
        s1_0.user_id 
    from
        schools s1_0 
    where
        s1_0.user_id=?
Hibernate: 
    select
        t1_0.id,
        t1_0.created_at,
        t1_0.full_name_ar,
        t1_0.full_name_en,
        t1_0.school_id,
        t1_0.specialization,
        t1_0.user_id 
    from
        teachers t1_0 
    where
        t1_0.user_id=?
Hibernate: 
    select
        u1_0.id,
        u1_0.avatar_url,
        u1_0.created_at,
        u1_0.email,
        u1_0.is_active,
        u1_0.is_verified,
        u1_0.language,
        u1_0.national_id,
        u1_0.otp_code,
        u1_0.otp_expires_at,
        u1_0.password_hash,
        u1_0.phone,
        u1_0.role 
    from
        users u1_0 
    where
        u1_0.national_id=?
Hibernate: 
    select
        cp1_0.id,
        cp1_0.assessed_level,
        cp1_0.class_name,
        cp1_0.created_at,
        cp1_0.date_of_birth,
        cp1_0.full_name_ar,
        cp1_0.full_name_en,
        cp1_0.gender,
        cp1_0.learning_difficulty,
        cp1_0.level,
        cp1_0.parent_id,
        cp1_0.photo_url,
        cp1_0.placement_completed_at,
        cp1_0.status,
        cp1_0.teacher_id,
        cp1_0.user_id 
    from
        child_profiles cp1_0 
    where
        cp1_0.user_id=?
Hibernate: 
    select
        p1_0.id,
        p1_0.full_name_ar,
        p1_0.full_name_en,
        p1_0.user_id 
    from
        parents p1_0 
    where
        p1_0.user_id=?
Hibernate: 
    select
        s1_0.id,
        s1_0.created_at,
        s1_0.description,
        s1_0.location,
        s1_0.name_ar,
        s1_0.name_en,
        s1_0.user_id 
    from
        schools s1_0 
    where
        s1_0.user_id=?
Hibernate: 
    select
        t1_0.id,
        t1_0.created_at,
        t1_0.full_name_ar,
        t1_0.full_name_en,
        t1_0.school_id,
        t1_0.specialization,
        t1_0.user_id 
    from
        teachers t1_0 
    where
        t1_0.user_id=?
Hibernate: 
    select
        p1_0.id,
        p1_0.full_name_ar,
        p1_0.full_name_en,
        p1_0.user_id 
    from
        parents p1_0 
    join
        users u1_0 
            on u1_0.id=p1_0.user_id 
    where
        u1_0.id=?
Hibernate: 
    select
        cp1_0.id,
        cp1_0.assessed_level,
        cp1_0.class_name,
        cp1_0.created_at,
        cp1_0.date_of_birth,
        cp1_0.full_name_ar,
        cp1_0.full_name_en,
        cp1_0.gender,
        cp1_0.learning_difficulty,
        cp1_0.level,
        cp1_0.parent_id,
        cp1_0.photo_url,
        cp1_0.placement_completed_at,
        cp1_0.status,
        cp1_0.teacher_id,
        cp1_0.user_id 
    from
        child_profiles cp1_0 
    left join
        parents p1_0 
            on p1_0.id=cp1_0.parent_id 
    where
        cp1_0.id=? 
        and p1_0.id=?
Hibernate: 
    select
        q1_0.id,
        q1_0.child_id,
        q1_0.completed_at,
        q1_0.level,
        q1_0.score,
        q1_0.started_at,
        q1_0.status,
        q1_0.total_questions,
        q1_0.tree_id,
        q1_0.tree_item_id 
    from
        quizzes q1_0 
    join
        child_profiles c1_0 
            on c1_0.id=q1_0.child_id 
    where
        c1_0.id=?
Hibernate: 
    select
        ti1_0.id,
        ti1_0.completed_at,
        ti1_0.content_type_id,
        ti1_0.earned_points,
        ti1_0.group_number,
        ti1_0.is_completed,
        ti1_0.is_locked,
        ti1_0.item_id,
        ti1_0.item_type,
        ti1_0.max_points,
        ti1_0.order_num,
        ti1_0.status,
        ti1_0.tree_id 
    from
        tree_items ti1_0 
    where
        ti1_0.item_id=? 
    fetch
        first ? rows only
Hibernate: 
    select
        ti1_0.id,
        ti1_0.completed_at,
        ti1_0.content_type_id,
        ti1_0.earned_points,
        ti1_0.group_number,
        ti1_0.is_completed,
        ti1_0.is_locked,
        ti1_0.item_id,
        ti1_0.item_type,
        ti1_0.max_points,
        ti1_0.order_num,
        ti1_0.status,
        ti1_0.tree_id 
    from
        tree_items ti1_0 
    where
        ti1_0.item_id=? 
    fetch
        first ? rows only
Hibernate: 
    select
        ti1_0.id,
        ti1_0.completed_at,
        ti1_0.content_type_id,
        ti1_0.earned_points,
        ti1_0.group_number,
        ti1_0.is_completed,
        ti1_0.is_locked,
        ti1_0.item_id,
        ti1_0.item_type,
        ti1_0.max_points,
        ti1_0.order_num,
        ti1_0.status,
        ti1_0.tree_id 
    from
        tree_items ti1_0 
    where
        ti1_0.item_id=? 
    fetch
        first ? rows only
Hibernate: 
    select
        ti1_0.id,
        ti1_0.completed_at,
        ti1_0.content_type_id,
        ti1_0.earned_points,
        ti1_0.group_number,
        ti1_0.is_completed,
        ti1_0.is_locked,
        ti1_0.item_id,
        ti1_0.item_type,
        ti1_0.max_points,
        ti1_0.order_num,
        ti1_0.status,
        ti1_0.tree_id 
    from
        tree_items ti1_0 
    where
        ti1_0.item_id=? 
    fetch
        first ? rows only
Hibernate: 
    select
        ti1_0.id,
        ti1_0.completed_at,
        ti1_0.content_type_id,
        ti1_0.earned_points,
        ti1_0.group_number,
        ti1_0.is_completed,
        ti1_0.is_locked,
        ti1_0.item_id,
        ti1_0.item_type,
        ti1_0.max_points,
        ti1_0.order_num,
        ti1_0.status,
        ti1_0.tree_id 
    from
        tree_items ti1_0 
    where
        ti1_0.item_id=? 
    fetch
        first ? rows only
Hibernate: 
    select
        ti1_0.id,
        ti1_0.completed_at,
        ti1_0.content_type_id,
        ti1_0.earned_points,
        ti1_0.group_number,
        ti1_0.is_completed,
        ti1_0.is_locked,
        ti1_0.item_id,
        ti1_0.item_type,
        ti1_0.max_points,
        ti1_0.order_num,
        ti1_0.status,
        ti1_0.tree_id 
    from
        tree_items ti1_0 
    where
        ti1_0.item_id=? 
    fetch
        first ? rows only
Hibernate: 
    select
        ti1_0.id,
        ti1_0.completed_at,
        ti1_0.content_type_id,
        ti1_0.earned_points,
        ti1_0.group_number,
        ti1_0.is_completed,
        ti1_0.is_locked,
        ti1_0.item_id,
        ti1_0.item_type,
        ti1_0.max_points,
        ti1_0.order_num,
        ti1_0.status,
        ti1_0.tree_id 
    from
        tree_items ti1_0 
    where
        ti1_0.item_id=? 
    fetch
        first ? rows only
Hibernate: 
    select
        u1_0.id,
        u1_0.avatar_url,
        u1_0.created_at,
        u1_0.email,
        u1_0.is_active,
        u1_0.is_verified,
        u1_0.language,
        u1_0.national_id,
        u1_0.otp_code,
        u1_0.otp_expires_at,
        u1_0.password_hash,
        u1_0.phone,
        u1_0.role 
    from
        users u1_0 
    where
        u1_0.national_id=?
Hibernate: 
    select
        cp1_0.id,
        cp1_0.assessed_level,
        cp1_0.class_name,
        cp1_0.created_at,
        cp1_0.date_of_birth,
        cp1_0.full_name_ar,
        cp1_0.full_name_en,
        cp1_0.gender,
        cp1_0.learning_difficulty,
        cp1_0.level,
        cp1_0.parent_id,
        cp1_0.photo_url,
        cp1_0.placement_completed_at,
        cp1_0.status,
        cp1_0.teacher_id,
        cp1_0.user_id 
    from
        child_profiles cp1_0 
    where
        cp1_0.user_id=?
Hibernate: 
    select
        p1_0.id,
        p1_0.full_name_ar,
        p1_0.full_name_en,
        p1_0.user_id 
    from
        parents p1_0 
    where
        p1_0.user_id=?
Hibernate: 
    select
        s1_0.id,
        s1_0.created_at,
        s1_0.description,
        s1_0.location,
        s1_0.name_ar,
        s1_0.name_en,
        s1_0.user_id 
    from
        schools s1_0 
    where
        s1_0.user_id=?
Hibernate: 
    select
        t1_0.id,
        t1_0.created_at,
        t1_0.full_name_ar,
        t1_0.full_name_en,
        t1_0.school_id,
        t1_0.specialization,
        t1_0.user_id 
    from
        teachers t1_0 
    where
        t1_0.user_id=?
Hibernate: 
    select
        u1_0.id,
        u1_0.avatar_url,
        u1_0.created_at,
        u1_0.email,
        u1_0.is_active,
        u1_0.is_verified,
        u1_0.language,
        u1_0.national_id,
        u1_0.otp_code,
        u1_0.otp_expires_at,
        u1_0.password_hash,
        u1_0.phone,
        u1_0.role 
    from
        users u1_0 
    where
        u1_0.national_id=?
Hibernate: 
    select
        u1_0.id,
        u1_0.avatar_url,
        u1_0.created_at,
        u1_0.email,
        u1_0.is_active,
        u1_0.is_verified,
        u1_0.language,
        u1_0.national_id,
        u1_0.otp_code,
        u1_0.otp_expires_at,
        u1_0.password_hash,
        u1_0.phone,
        u1_0.role 
    from
        users u1_0 
    where
        u1_0.national_id=?
Hibernate: 
    insert 
    into
        user_sessions
        (created_at, device_name, expires_at, ip_address, last_used_at, refresh_token_hash, revoked_at, user_id, user_agent, id) 
    values
        (?, ?, ?, ?, ?, ?, ?, ?, ?, ?)
Hibernate: 
    select
        u1_0.id,
        u1_0.avatar_url,
        u1_0.created_at,
        u1_0.email,
        u1_0.is_active,
        u1_0.is_verified,
        u1_0.language,
        u1_0.national_id,
        u1_0.otp_code,
        u1_0.otp_expires_at,
        u1_0.password_hash,
        u1_0.phone,
        u1_0.role 
    from
        users u1_0 
    where
        u1_0.national_id=?
Hibernate: 
    select
        cp1_0.id,
        cp1_0.assessed_level,
        cp1_0.class_name,
        cp1_0.created_at,
        cp1_0.date_of_birth,
        cp1_0.full_name_ar,
        cp1_0.full_name_en,
        cp1_0.gender,
        cp1_0.learning_difficulty,
        cp1_0.level,
        cp1_0.parent_id,
        cp1_0.photo_url,
        cp1_0.placement_completed_at,
        cp1_0.status,
        cp1_0.teacher_id,
        cp1_0.user_id 
    from
        child_profiles cp1_0 
    where
        cp1_0.user_id=?
Hibernate: 
    select
        p1_0.id,
        p1_0.full_name_ar,
        p1_0.full_name_en,
        p1_0.user_id 
    from
        parents p1_0 
    where
        p1_0.user_id=?
Hibernate: 
    select
        s1_0.id,
        s1_0.created_at,
        s1_0.description,
        s1_0.location,
        s1_0.name_ar,
        s1_0.name_en,
        s1_0.user_id 
    from
        schools s1_0 
    where
        s1_0.user_id=?
Hibernate: 
    select
        t1_0.id,
        t1_0.created_at,
        t1_0.full_name_ar,
        t1_0.full_name_en,
        t1_0.school_id,
        t1_0.specialization,
        t1_0.user_id 
    from
        teachers t1_0 
    where
        t1_0.user_id=?
Hibernate: 
    select
        q1_0.id,
        q1_0.child_id,
        q1_0.completed_at,
        q1_0.level,
        q1_0.score,
        q1_0.started_at,
        q1_0.status,
        q1_0.total_questions,
        q1_0.tree_id,
        q1_0.tree_item_id 
    from
        quizzes q1_0 
    where
        q1_0.id=?
Hibernate: 
    select
        u1_0.id,
        u1_0.avatar_url,
        u1_0.created_at,
        u1_0.email,
        u1_0.is_active,
        u1_0.is_verified,
        u1_0.language,
        u1_0.national_id,
        u1_0.otp_code,
        u1_0.otp_expires_at,
        u1_0.password_hash,
        u1_0.phone,
        u1_0.role 
    from
        users u1_0 
    where
        u1_0.national_id=?
Hibernate: 
    select
        cp1_0.id,
        cp1_0.assessed_level,
        cp1_0.class_name,
        cp1_0.created_at,
        cp1_0.date_of_birth,
        cp1_0.full_name_ar,
        cp1_0.full_name_en,
        cp1_0.gender,
        cp1_0.learning_difficulty,
        cp1_0.level,
        cp1_0.parent_id,
        cp1_0.photo_url,
        cp1_0.placement_completed_at,
        cp1_0.status,
        cp1_0.teacher_id,
        cp1_0.user_id 
    from
        child_profiles cp1_0 
    where
        cp1_0.user_id=?
Hibernate: 
    select
        p1_0.id,
        p1_0.full_name_ar,
        p1_0.full_name_en,
        p1_0.user_id 
    from
        parents p1_0 
    where
        p1_0.user_id=?
Hibernate: 
    select
        s1_0.id,
        s1_0.created_at,
        s1_0.description,
        s1_0.location,
        s1_0.name_ar,
        s1_0.name_en,
        s1_0.user_id 
    from
        schools s1_0 
    where
        s1_0.user_id=?
Hibernate: 
    select
        t1_0.id,
        t1_0.created_at,
        t1_0.full_name_ar,
        t1_0.full_name_en,
        t1_0.school_id,
        t1_0.specialization,
        t1_0.user_id 
    from
        teachers t1_0 
    where
        t1_0.user_id=?
Hibernate: 
    select
        p1_0.id,
        p1_0.full_name_ar,
        p1_0.full_name_en,
        p1_0.user_id 
    from
        parents p1_0 
    join
        users u1_0 
            on u1_0.id=p1_0.user_id 
    where
        u1_0.id=?
Hibernate: 
    select
        cp1_0.id,
        cp1_0.assessed_level,
        cp1_0.class_name,
        cp1_0.created_at,
        cp1_0.date_of_birth,
        cp1_0.full_name_ar,
        cp1_0.full_name_en,
        cp1_0.gender,
        cp1_0.learning_difficulty,
        cp1_0.level,
        cp1_0.parent_id,
        cp1_0.photo_url,
        cp1_0.placement_completed_at,
        cp1_0.status,
        cp1_0.teacher_id,
        cp1_0.user_id 
    from
        child_profiles cp1_0 
    left join
        parents p1_0 
            on p1_0.id=cp1_0.parent_id 
    where
        cp1_0.id=? 
        and p1_0.id=?
Hibernate: 
    select
        ti1_0.id,
        ti1_0.completed_at,
        ti1_0.content_type_id,
        ti1_0.earned_points,
        ti1_0.group_number,
        ti1_0.is_completed,
        ti1_0.is_locked,
        ti1_0.item_id,
        ti1_0.item_type,
        ti1_0.max_points,
        ti1_0.order_num,
        ti1_0.status,
        ti1_0.tree_id 
    from
        tree_items ti1_0 
    where
        ti1_0.item_id=? 
    fetch
        first ? rows only
Hibernate: 
    select
        qq1_0.id,
        qq1_0.correct_option,
        qq1_0.explanation_ar,
        qq1_0.explanation_en,
        qq1_0.option_1,
        qq1_0.option_1_ar,
        qq1_0.option_2,
        qq1_0.option_2_ar,
        qq1_0.option_3,
        qq1_0.option_3_ar,
        qq1_0.option_4,
        qq1_0.option_4_ar,
        qq1_0.order_num,
        qq1_0.points,
        qq1_0.question,
        qq1_0.question_ar,
        qq1_0.question_en,
        qq1_0.quiz_id 
    from
        quiz_questions qq1_0 
    join
        quizzes q1_0 
            on q1_0.id=qq1_0.quiz_id 
    where
        q1_0.id=? 
    order by
        qq1_0.order_num
Hibernate: 
    select
        u1_0.id,
        u1_0.avatar_url,
        u1_0.created_at,
        u1_0.email,
        u1_0.is_active,
        u1_0.is_verified,
        u1_0.language,
        u1_0.national_id,
        u1_0.otp_code,
        u1_0.otp_expires_at,
        u1_0.password_hash,
        u1_0.phone,
        u1_0.role 
    from
        users u1_0 
    where
        u1_0.national_id=?
Hibernate: 
    select
        cp1_0.id,
        cp1_0.assessed_level,
        cp1_0.class_name,
        cp1_0.created_at,
        cp1_0.date_of_birth,
        cp1_0.full_name_ar,
        cp1_0.full_name_en,
        cp1_0.gender,
        cp1_0.learning_difficulty,
        cp1_0.level,
        cp1_0.parent_id,
        cp1_0.photo_url,
        cp1_0.placement_completed_at,
        cp1_0.status,
        cp1_0.teacher_id,
        cp1_0.user_id 
    from
        child_profiles cp1_0 
    where
        cp1_0.user_id=?
Hibernate: 
    select
        p1_0.id,
        p1_0.full_name_ar,
        p1_0.full_name_en,
        p1_0.user_id 
    from
        parents p1_0 
    where
        p1_0.user_id=?
Hibernate: 
    select
        s1_0.id,
        s1_0.created_at,
        s1_0.description,
        s1_0.location,
        s1_0.name_ar,
        s1_0.name_en,
        s1_0.user_id 
    from
        schools s1_0 
    where
        s1_0.user_id=?
Hibernate: 
    select
        t1_0.id,
        t1_0.created_at,
        t1_0.full_name_ar,
        t1_0.full_name_en,
        t1_0.school_id,
        t1_0.specialization,
        t1_0.user_id 
    from
        teachers t1_0 
    where
        t1_0.user_id=?
Hibernate: 
    select
        ti1_0.id,
        ti1_0.completed_at,
        ti1_0.content_type_id,
        ti1_0.earned_points,
        ti1_0.group_number,
        ti1_0.is_completed,
        ti1_0.is_locked,
        ti1_0.item_id,
        ti1_0.item_type,
        ti1_0.max_points,
        ti1_0.order_num,
        ti1_0.status,
        ti1_0.tree_id 
    from
        tree_items ti1_0 
    where
        ti1_0.id=?
Hibernate: 
    select
        lt1_0.id,
        lt1_0.ai_summary_ar,
        lt1_0.ai_summary_en,
        lt1_0.child_id,
        lt1_0.generated_at,
        lt1_0.level,
        lt1_0.model_used,
        lt1_0.prompt_version,
        lt1_0.status,
        lt1_0.topic,
        lt1_0.topic_id 
    from
        learning_trees lt1_0 
    where
        lt1_0.id=?
Hibernate: 
    select
        u1_0.id,
        u1_0.avatar_url,
        u1_0.created_at,
        u1_0.email,
        u1_0.is_active,
        u1_0.is_verified,
        u1_0.language,
        u1_0.national_id,
        u1_0.otp_code,
        u1_0.otp_expires_at,
        u1_0.password_hash,
        u1_0.phone,
        u1_0.role 
    from
        users u1_0 
    where
        u1_0.national_id=?
Hibernate: 
    select
        cp1_0.id,
        cp1_0.assessed_level,
        cp1_0.class_name,
        cp1_0.created_at,
        cp1_0.date_of_birth,
        cp1_0.full_name_ar,
        cp1_0.full_name_en,
        cp1_0.gender,
        cp1_0.learning_difficulty,
        cp1_0.level,
        cp1_0.parent_id,
        cp1_0.photo_url,
        cp1_0.placement_completed_at,
        cp1_0.status,
        cp1_0.teacher_id,
        cp1_0.user_id 
    from
        child_profiles cp1_0 
    where
        cp1_0.user_id=?
Hibernate: 
    select
        p1_0.id,
        p1_0.full_name_ar,
        p1_0.full_name_en,
        p1_0.user_id 
    from
        parents p1_0 
    where
        p1_0.user_id=?
Hibernate: 
    select
        s1_0.id,
        s1_0.created_at,
        s1_0.description,
        s1_0.location,
        s1_0.name_ar,
        s1_0.name_en,
        s1_0.user_id 
    from
        schools s1_0 
    where
        s1_0.user_id=?
Hibernate: 
    select
        t1_0.id,
        t1_0.created_at,
        t1_0.full_name_ar,
        t1_0.full_name_en,
        t1_0.school_id,
        t1_0.specialization,
        t1_0.user_id 
    from
        teachers t1_0 
    where
        t1_0.user_id=?
Hibernate: 
    select
        p1_0.id,
        p1_0.full_name_ar,
        p1_0.full_name_en,
        p1_0.user_id 
    from
        parents p1_0 
    join
        users u1_0 
            on u1_0.id=p1_0.user_id 
    where
        u1_0.id=?
Hibernate: 
    select
        cp1_0.id,
        cp1_0.assessed_level,
        cp1_0.class_name,
        cp1_0.created_at,
        cp1_0.date_of_birth,
        cp1_0.full_name_ar,
        cp1_0.full_name_en,
        cp1_0.gender,
        cp1_0.learning_difficulty,
        cp1_0.level,
        cp1_0.parent_id,
        cp1_0.photo_url,
        cp1_0.placement_completed_at,
        cp1_0.status,
        cp1_0.teacher_id,
        cp1_0.user_id 
    from
        child_profiles cp1_0 
    left join
        parents p1_0 
            on p1_0.id=cp1_0.parent_id 
    where
        cp1_0.id=? 
        and p1_0.id=?
Hibernate: 
    select
        q1_0.id,
        q1_0.child_id,
        q1_0.completed_at,
        q1_0.level,
        q1_0.score,
        q1_0.started_at,
        q1_0.status,
        q1_0.total_questions,
        q1_0.tree_id,
        q1_0.tree_item_id 
    from
        quizzes q1_0 
    where
        q1_0.id=?
Hibernate: 
    update
        tree_items 
    set
        completed_at=?,
        content_type_id=?,
        earned_points=?,
        group_number=?,
        is_completed=?,
        is_locked=?,
        item_id=?,
        item_type=?,
        max_points=?,
        order_num=?,
        status=?,
        tree_id=? 
    where
        id=?
Hibernate: 
    update
        quizzes 
    set
        child_id=?,
        completed_at=?,
        level=?,
        score=?,
        started_at=?,
        status=?,
        total_questions=?,
        tree_id=?,
        tree_item_id=? 
    where
        id=?
Hibernate: 
    select
        ti1_0.id,
        ti1_0.completed_at,
        ti1_0.content_type_id,
        ti1_0.earned_points,
        ti1_0.group_number,
        ti1_0.is_completed,
        ti1_0.is_locked,
        ti1_0.item_id,
        ti1_0.item_type,
        ti1_0.max_points,
        ti1_0.order_num,
        ti1_0.status,
        ti1_0.tree_id 
    from
        tree_items ti1_0 
    join
        learning_trees t1_0 
            on t1_0.id=ti1_0.tree_id 
    where
        t1_0.id=? 
    order by
        ti1_0.order_num
Hibernate: 
    update
        tree_items 
    set
        completed_at=?,
        content_type_id=?,
        earned_points=?,
        group_number=?,
        is_completed=?,
        is_locked=?,
        item_id=?,
        item_type=?,
        max_points=?,
        order_num=?,
        status=?,
        tree_id=? 
    where
        id=?
Hibernate: 
    select
        u1_0.id,
        u1_0.avatar_url,
        u1_0.created_at,
        u1_0.email,
        u1_0.is_active,
        u1_0.is_verified,
        u1_0.language,
        u1_0.national_id,
        u1_0.otp_code,
        u1_0.otp_expires_at,
        u1_0.password_hash,
        u1_0.phone,
        u1_0.role 
    from
        users u1_0 
    where
        u1_0.national_id=?
Hibernate: 
    select
        cp1_0.id,
        cp1_0.assessed_level,
        cp1_0.class_name,
        cp1_0.created_at,
        cp1_0.date_of_birth,
        cp1_0.full_name_ar,
        cp1_0.full_name_en,
        cp1_0.gender,
        cp1_0.learning_difficulty,
        cp1_0.level,
        cp1_0.parent_id,
        cp1_0.photo_url,
        cp1_0.placement_completed_at,
        cp1_0.status,
        cp1_0.teacher_id,
        cp1_0.user_id 
    from
        child_profiles cp1_0 
    where
        cp1_0.user_id=?
Hibernate: 
    select
        p1_0.id,
        p1_0.full_name_ar,
        p1_0.full_name_en,
        p1_0.user_id 
    from
        parents p1_0 
    where
        p1_0.user_id=?
Hibernate: 
    select
        s1_0.id,
        s1_0.created_at,
        s1_0.description,
        s1_0.location,
        s1_0.name_ar,
        s1_0.name_en,
        s1_0.user_id 
    from
        schools s1_0 
    where
        s1_0.user_id=?
Hibernate: 
    select
        t1_0.id,
        t1_0.created_at,
        t1_0.full_name_ar,
        t1_0.full_name_en,
        t1_0.school_id,
        t1_0.specialization,
        t1_0.user_id 
    from
        teachers t1_0 
    where
        t1_0.user_id=?
Hibernate: 
    select
        q1_0.id,
        q1_0.child_id,
        q1_0.completed_at,
        q1_0.level,
        q1_0.score,
        q1_0.started_at,
        q1_0.status,
        q1_0.total_questions,
        q1_0.tree_id,
        q1_0.tree_item_id 
    from
        quizzes q1_0 
    where
        q1_0.id=?
Hibernate: 
    select
        u1_0.id,
        u1_0.avatar_url,
        u1_0.created_at,
        u1_0.email,
        u1_0.is_active,
        u1_0.is_verified,
        u1_0.language,
        u1_0.national_id,
        u1_0.otp_code,
        u1_0.otp_expires_at,
        u1_0.password_hash,
        u1_0.phone,
        u1_0.role 
    from
        users u1_0 
    where
        u1_0.national_id=?
Hibernate: 
    select
        cp1_0.id,
        cp1_0.assessed_level,
        cp1_0.class_name,
        cp1_0.created_at,
        cp1_0.date_of_birth,
        cp1_0.full_name_ar,
        cp1_0.full_name_en,
        cp1_0.gender,
        cp1_0.learning_difficulty,
        cp1_0.level,
        cp1_0.parent_id,
        cp1_0.photo_url,
        cp1_0.placement_completed_at,
        cp1_0.status,
        cp1_0.teacher_id,
        cp1_0.user_id 
    from
        child_profiles cp1_0 
    where
        cp1_0.user_id=?
Hibernate: 
    select
        p1_0.id,
        p1_0.full_name_ar,
        p1_0.full_name_en,
        p1_0.user_id 
    from
        parents p1_0 
    where
        p1_0.user_id=?
Hibernate: 
    select
        s1_0.id,
        s1_0.created_at,
        s1_0.description,
        s1_0.location,
        s1_0.name_ar,
        s1_0.name_en,
        s1_0.user_id 
    from
        schools s1_0 
    where
        s1_0.user_id=?
Hibernate: 
    select
        t1_0.id,
        t1_0.created_at,
        t1_0.full_name_ar,
        t1_0.full_name_en,
        t1_0.school_id,
        t1_0.specialization,
        t1_0.user_id 
    from
        teachers t1_0 
    where
        t1_0.user_id=?
Hibernate: 
    select
        p1_0.id,
        p1_0.full_name_ar,
        p1_0.full_name_en,
        p1_0.user_id 
    from
        parents p1_0 
    join
        users u1_0 
            on u1_0.id=p1_0.user_id 
    where
        u1_0.id=?
Hibernate: 
    select
        cp1_0.id,
        cp1_0.assessed_level,
        cp1_0.class_name,
        cp1_0.created_at,
        cp1_0.date_of_birth,
        cp1_0.full_name_ar,
        cp1_0.full_name_en,
        cp1_0.gender,
        cp1_0.learning_difficulty,
        cp1_0.level,
        cp1_0.parent_id,
        cp1_0.photo_url,
        cp1_0.placement_completed_at,
        cp1_0.status,
        cp1_0.teacher_id,
        cp1_0.user_id 
    from
        child_profiles cp1_0 
    left join
        parents p1_0 
            on p1_0.id=cp1_0.parent_id 
    where
        cp1_0.id=? 
        and p1_0.id=?
Hibernate: 
    select
        ti1_0.id,
        ti1_0.completed_at,
        ti1_0.content_type_id,
        ti1_0.earned_points,
        ti1_0.group_number,
        ti1_0.is_completed,
        ti1_0.is_locked,
        ti1_0.item_id,
        ti1_0.item_type,
        ti1_0.max_points,
        ti1_0.order_num,
        ti1_0.status,
        ti1_0.tree_id 
    from
        tree_items ti1_0 
    where
        ti1_0.item_id=? 
    fetch
        first ? rows only
Hibernate: 
    select
        qq1_0.id,
        qq1_0.correct_option,
        qq1_0.explanation_ar,
        qq1_0.explanation_en,
        qq1_0.option_1,
        qq1_0.option_1_ar,
        qq1_0.option_2,
        qq1_0.option_2_ar,
        qq1_0.option_3,
        qq1_0.option_3_ar,
        qq1_0.option_4,
        qq1_0.option_4_ar,
        qq1_0.order_num,
        qq1_0.points,
        qq1_0.question,
        qq1_0.question_ar,
        qq1_0.question_en,
        qq1_0.quiz_id 
    from
        quiz_questions qq1_0 
    join
        quizzes q1_0 
            on q1_0.id=qq1_0.quiz_id 
    where
        q1_0.id=? 
    order by
        qq1_0.order_num
Hibernate: 
    select
        u1_0.id,
        u1_0.avatar_url,
        u1_0.created_at,
        u1_0.email,
        u1_0.is_active,
        u1_0.is_verified,
        u1_0.language,
        u1_0.national_id,
        u1_0.otp_code,
        u1_0.otp_expires_at,
        u1_0.password_hash,
        u1_0.phone,
        u1_0.role 
    from
        users u1_0 
    where
        u1_0.national_id=?
Hibernate: 
    select
        cp1_0.id,
        cp1_0.assessed_level,
        cp1_0.class_name,
        cp1_0.created_at,
        cp1_0.date_of_birth,
        cp1_0.full_name_ar,
        cp1_0.full_name_en,
        cp1_0.gender,
        cp1_0.learning_difficulty,
        cp1_0.level,
        cp1_0.parent_id,
        cp1_0.photo_url,
        cp1_0.placement_completed_at,
        cp1_0.status,
        cp1_0.teacher_id,
        cp1_0.user_id 
    from
        child_profiles cp1_0 
    where
        cp1_0.user_id=?
Hibernate: 
    select
        p1_0.id,
        p1_0.full_name_ar,
        p1_0.full_name_en,
        p1_0.user_id 
    from
        parents p1_0 
    where
        p1_0.user_id=?
Hibernate: 
    select
        s1_0.id,
        s1_0.created_at,
        s1_0.description,
        s1_0.location,
        s1_0.name_ar,
        s1_0.name_en,
        s1_0.user_id 
    from
        schools s1_0 
    where
        s1_0.user_id=?
Hibernate: 
    select
        t1_0.id,
        t1_0.created_at,
        t1_0.full_name_ar,
        t1_0.full_name_en,
        t1_0.school_id,
        t1_0.specialization,
        t1_0.user_id 
    from
        teachers t1_0 
    where
        t1_0.user_id=?
Hibernate: 
    select
        u1_0.id,
        u1_0.avatar_url,
        u1_0.created_at,
        u1_0.email,
        u1_0.is_active,
        u1_0.is_verified,
        u1_0.language,
        u1_0.national_id,
        u1_0.otp_code,
        u1_0.otp_expires_at,
        u1_0.password_hash,
        u1_0.phone,
        u1_0.role 
    from
        users u1_0 
    where
        u1_0.national_id=?
Hibernate: 
    select
        u1_0.id,
        u1_0.avatar_url,
        u1_0.created_at,
        u1_0.email,
        u1_0.is_active,
        u1_0.is_verified,
        u1_0.language,
        u1_0.national_id,
        u1_0.otp_code,
        u1_0.otp_expires_at,
        u1_0.password_hash,
        u1_0.phone,
        u1_0.role 
    from
        users u1_0 
    where
        u1_0.national_id=?
Hibernate: 
    insert 
    into
        user_sessions
        (created_at, device_name, expires_at, ip_address, last_used_at, refresh_token_hash, revoked_at, user_id, user_agent, id) 
    values
        (?, ?, ?, ?, ?, ?, ?, ?, ?, ?)
Hibernate: 
    select
        u1_0.id,
        u1_0.avatar_url,
        u1_0.created_at,
        u1_0.email,
        u1_0.is_active,
        u1_0.is_verified,
        u1_0.language,
        u1_0.national_id,
        u1_0.otp_code,
        u1_0.otp_expires_at,
        u1_0.password_hash,
        u1_0.phone,
        u1_0.role 
    from
        users u1_0 
    where
        u1_0.national_id=?
Hibernate: 
    select
        cp1_0.id,
        cp1_0.assessed_level,
        cp1_0.class_name,
        cp1_0.created_at,
        cp1_0.date_of_birth,
        cp1_0.full_name_ar,
        cp1_0.full_name_en,
        cp1_0.gender,
        cp1_0.learning_difficulty,
        cp1_0.level,
        cp1_0.parent_id,
        cp1_0.photo_url,
        cp1_0.placement_completed_at,
        cp1_0.status,
        cp1_0.teacher_id,
        cp1_0.user_id 
    from
        child_profiles cp1_0 
    where
        cp1_0.user_id=?
Hibernate: 
    select
        p1_0.id,
        p1_0.full_name_ar,
        p1_0.full_name_en,
        p1_0.user_id 
    from
        parents p1_0 
    where
        p1_0.user_id=?
Hibernate: 
    select
        s1_0.id,
        s1_0.created_at,
        s1_0.description,
        s1_0.location,
        s1_0.name_ar,
        s1_0.name_en,
        s1_0.user_id 
    from
        schools s1_0 
    where
        s1_0.user_id=?
Hibernate: 
    select
        t1_0.id,
        t1_0.created_at,
        t1_0.full_name_ar,
        t1_0.full_name_en,
        t1_0.school_id,
        t1_0.specialization,
        t1_0.user_id 
    from
        teachers t1_0 
    where
        t1_0.user_id=?
Hibernate: 
    select
        q1_0.id,
        q1_0.child_id,
        q1_0.completed_at,
        q1_0.level,
        q1_0.score,
        q1_0.started_at,
        q1_0.status,
        q1_0.total_questions,
        q1_0.tree_id,
        q1_0.tree_item_id 
    from
        quizzes q1_0 
    where
        q1_0.id=?
Hibernate: 
    select
        u1_0.id,
        u1_0.avatar_url,
        u1_0.created_at,
        u1_0.email,
        u1_0.is_active,
        u1_0.is_verified,
        u1_0.language,
        u1_0.national_id,
        u1_0.otp_code,
        u1_0.otp_expires_at,
        u1_0.password_hash,
        u1_0.phone,
        u1_0.role 
    from
        users u1_0 
    where
        u1_0.national_id=?
Hibernate: 
    select
        cp1_0.id,
        cp1_0.assessed_level,
        cp1_0.class_name,
        cp1_0.created_at,
        cp1_0.date_of_birth,
        cp1_0.full_name_ar,
        cp1_0.full_name_en,
        cp1_0.gender,
        cp1_0.learning_difficulty,
        cp1_0.level,
        cp1_0.parent_id,
        cp1_0.photo_url,
        cp1_0.placement_completed_at,
        cp1_0.status,
        cp1_0.teacher_id,
        cp1_0.user_id 
    from
        child_profiles cp1_0 
    where
        cp1_0.user_id=?
Hibernate: 
    select
        p1_0.id,
        p1_0.full_name_ar,
        p1_0.full_name_en,
        p1_0.user_id 
    from
        parents p1_0 
    where
        p1_0.user_id=?
Hibernate: 
    select
        s1_0.id,
        s1_0.created_at,
        s1_0.description,
        s1_0.location,
        s1_0.name_ar,
        s1_0.name_en,
        s1_0.user_id 
    from
        schools s1_0 
    where
        s1_0.user_id=?
Hibernate: 
    select
        t1_0.id,
        t1_0.created_at,
        t1_0.full_name_ar,
        t1_0.full_name_en,
        t1_0.school_id,
        t1_0.specialization,
        t1_0.user_id 
    from
        teachers t1_0 
    where
        t1_0.user_id=?
Hibernate: 
    select
        p1_0.id,
        p1_0.full_name_ar,
        p1_0.full_name_en,
        p1_0.user_id 
    from
        parents p1_0 
    join
        users u1_0 
            on u1_0.id=p1_0.user_id 
    where
        u1_0.id=?
Hibernate: 
    select
        cp1_0.id,
        cp1_0.assessed_level,
        cp1_0.class_name,
        cp1_0.created_at,
        cp1_0.date_of_birth,
        cp1_0.full_name_ar,
        cp1_0.full_name_en,
        cp1_0.gender,
        cp1_0.learning_difficulty,
        cp1_0.level,
        cp1_0.parent_id,
        cp1_0.photo_url,
        cp1_0.placement_completed_at,
        cp1_0.status,
        cp1_0.teacher_id,
        cp1_0.user_id 
    from
        child_profiles cp1_0 
    left join
        parents p1_0 
            on p1_0.id=cp1_0.parent_id 
    where
        cp1_0.id=? 
        and p1_0.id=?
Hibernate: 
    select
        ti1_0.id,
        ti1_0.completed_at,
        ti1_0.content_type_id,
        ti1_0.earned_points,
        ti1_0.group_number,
        ti1_0.is_completed,
        ti1_0.is_locked,
        ti1_0.item_id,
        ti1_0.item_type,
        ti1_0.max_points,
        ti1_0.order_num,
        ti1_0.status,
        ti1_0.tree_id 
    from
        tree_items ti1_0 
    where
        ti1_0.item_id=? 
    fetch
        first ? rows only
Hibernate: 
    select
        qq1_0.id,
        qq1_0.correct_option,
        qq1_0.explanation_ar,
        qq1_0.explanation_en,
        qq1_0.option_1,
        qq1_0.option_1_ar,
        qq1_0.option_2,
        qq1_0.option_2_ar,
        qq1_0.option_3,
        qq1_0.option_3_ar,
        qq1_0.option_4,
        qq1_0.option_4_ar,
        qq1_0.order_num,
        qq1_0.points,
        qq1_0.question,
        qq1_0.question_ar,
        qq1_0.question_en,
        qq1_0.quiz_id 
    from
        quiz_questions qq1_0 
    join
        quizzes q1_0 
            on q1_0.id=qq1_0.quiz_id 
    where
        q1_0.id=? 
    order by
        qq1_0.order_num
Hibernate: 
    select
        u1_0.id,
        u1_0.avatar_url,
        u1_0.created_at,
        u1_0.email,
        u1_0.is_active,
        u1_0.is_verified,
        u1_0.language,
        u1_0.national_id,
        u1_0.otp_code,
        u1_0.otp_expires_at,
        u1_0.password_hash,
        u1_0.phone,
        u1_0.role 
    from
        users u1_0 
    where
        u1_0.national_id=?
Hibernate: 
    select
        cp1_0.id,
        cp1_0.assessed_level,
        cp1_0.class_name,
        cp1_0.created_at,
        cp1_0.date_of_birth,
        cp1_0.full_name_ar,
        cp1_0.full_name_en,
        cp1_0.gender,
        cp1_0.learning_difficulty,
        cp1_0.level,
        cp1_0.parent_id,
        cp1_0.photo_url,
        cp1_0.placement_completed_at,
        cp1_0.status,
        cp1_0.teacher_id,
        cp1_0.user_id 
    from
        child_profiles cp1_0 
    where
        cp1_0.user_id=?
Hibernate: 
    select
        p1_0.id,
        p1_0.full_name_ar,
        p1_0.full_name_en,
        p1_0.user_id 
    from
        parents p1_0 
    where
        p1_0.user_id=?
Hibernate: 
    select
        s1_0.id,
        s1_0.created_at,
        s1_0.description,
        s1_0.location,
        s1_0.name_ar,
        s1_0.name_en,
        s1_0.user_id 
    from
        schools s1_0 
    where
        s1_0.user_id=?
Hibernate: 
    select
        t1_0.id,
        t1_0.created_at,
        t1_0.full_name_ar,
        t1_0.full_name_en,
        t1_0.school_id,
        t1_0.specialization,
        t1_0.user_id 
    from
        teachers t1_0 
    where
        t1_0.user_id=?
Hibernate: 
    select
        q1_0.id,
        q1_0.child_id,
        q1_0.completed_at,
        q1_0.level,
        q1_0.score,
        q1_0.started_at,
        q1_0.status,
        q1_0.total_questions,
        q1_0.tree_id,
        q1_0.tree_item_id 
    from
        quizzes q1_0 
    where
        q1_0.id=?
Hibernate: 
    select
        u1_0.id,
        u1_0.avatar_url,
        u1_0.created_at,
        u1_0.email,
        u1_0.is_active,
        u1_0.is_verified,
        u1_0.language,
        u1_0.national_id,
        u1_0.otp_code,
        u1_0.otp_expires_at,
        u1_0.password_hash,
        u1_0.phone,
        u1_0.role 
    from
        users u1_0 
    where
        u1_0.national_id=?
Hibernate: 
    select
        cp1_0.id,
        cp1_0.assessed_level,
        cp1_0.class_name,
        cp1_0.created_at,
        cp1_0.date_of_birth,
        cp1_0.full_name_ar,
        cp1_0.full_name_en,
        cp1_0.gender,
        cp1_0.learning_difficulty,
        cp1_0.level,
        cp1_0.parent_id,
        cp1_0.photo_url,
        cp1_0.placement_completed_at,
        cp1_0.status,
        cp1_0.teacher_id,
        cp1_0.user_id 
    from
        child_profiles cp1_0 
    where
        cp1_0.user_id=?
Hibernate: 
    select
        p1_0.id,
        p1_0.full_name_ar,
        p1_0.full_name_en,
        p1_0.user_id 
    from
        parents p1_0 
    where
        p1_0.user_id=?
Hibernate: 
    select
        s1_0.id,
        s1_0.created_at,
        s1_0.description,
        s1_0.location,
        s1_0.name_ar,
        s1_0.name_en,
        s1_0.user_id 
    from
        schools s1_0 
    where
        s1_0.user_id=?
Hibernate: 
    select
        t1_0.id,
        t1_0.created_at,
        t1_0.full_name_ar,
        t1_0.full_name_en,
        t1_0.school_id,
        t1_0.specialization,
        t1_0.user_id 
    from
        teachers t1_0 
    where
        t1_0.user_id=?
Hibernate: 
    select
        p1_0.id,
        p1_0.full_name_ar,
        p1_0.full_name_en,
        p1_0.user_id 
    from
        parents p1_0 
    join
        users u1_0 
            on u1_0.id=p1_0.user_id 
    where
        u1_0.id=?
Hibernate: 
    select
        cp1_0.id,
        cp1_0.assessed_level,
        cp1_0.class_name,
        cp1_0.created_at,
        cp1_0.date_of_birth,
        cp1_0.full_name_ar,
        cp1_0.full_name_en,
        cp1_0.gender,
        cp1_0.learning_difficulty,
        cp1_0.level,
        cp1_0.parent_id,
        cp1_0.photo_url,
        cp1_0.placement_completed_at,
        cp1_0.status,
        cp1_0.teacher_id,
        cp1_0.user_id 
    from
        child_profiles cp1_0 
    left join
        parents p1_0 
            on p1_0.id=cp1_0.parent_id 
    where
        cp1_0.id=? 
        and p1_0.id=?
Hibernate: 
    select
        ti1_0.id,
        ti1_0.completed_at,
        ti1_0.content_type_id,
        ti1_0.earned_points,
        ti1_0.group_number,
        ti1_0.is_completed,
        ti1_0.is_locked,
        ti1_0.item_id,
        ti1_0.item_type,
        ti1_0.max_points,
        ti1_0.order_num,
        ti1_0.status,
        ti1_0.tree_id 
    from
        tree_items ti1_0 
    where
        ti1_0.item_id=? 
    fetch
        first ? rows only
Hibernate: 
    select
        qq1_0.id,
        qq1_0.correct_option,
        qq1_0.explanation_ar,
        qq1_0.explanation_en,
        qq1_0.option_1,
        qq1_0.option_1_ar,
        qq1_0.option_2,
        qq1_0.option_2_ar,
        qq1_0.option_3,
        qq1_0.option_3_ar,
        qq1_0.option_4,
        qq1_0.option_4_ar,
        qq1_0.order_num,
        qq1_0.points,
        qq1_0.question,
        qq1_0.question_ar,
        qq1_0.question_en,
        qq1_0.quiz_id 
    from
        quiz_questions qq1_0 
    join
        quizzes q1_0 
            on q1_0.id=qq1_0.quiz_id 
    where
        q1_0.id=? 
    order by
        qq1_0.order_num
